// Jest Snapshot v1, https://goo.gl/fbAQLP

exports[`<Item/> renders and matches the snapshot 1`] = `
<styled.div>
  <img
    alt="A Cool Item"
    src="dog.jpg"
  />
  <styled.h3>
    <Link
      href={
        Object {
          "pathname": "/item",
          "query": Object {
            "id": "ABC123",
          },
        }
      }
    >
      <a>
        A Cool Item
      </a>
    </Link>
  </styled.h3>
  <styled.span>
    KES40
  </styled.span>
  <p>
    This item is really cool!
  </p>
  <div
    className="buttonList"
  >
    <Link
      href={
        Object {
          "pathname": "update",
          "query": Object {
            "id": "ABC123",
          },
        }
      }
    >
      <a>
        Edit ‚úè
      </a>
    </Link>
    <AddToCart
      id="ABC123"
    />
    <DeleteItem
      id="ABC123"
    >
      Delete This Item
    </DeleteItem>
  </div>
</styled.div>
`;
