// Jest Snapshot v1, https://goo.gl/fbAQLP

exports[`<Nav /> renders a minimal nav when signed out 1`] = `
<ul
  className="sc-bdVaJa ijaeUZ"
  data-test="nav"
>
  <Link
    href="/items"
  >
    <a
      href="/items"
      onClick={[Function]}
    >
      Shop
    </a>
  </Link>
  <Link
    href="/signup"
  >
    <a
      href="/signup"
      onClick={[Function]}
    >
      Sign In
    </a>
  </Link>
</ul>
`;

exports[`<Nav /> renders the amount of items in cart 1`] = `
<div
  className="count sc-dnqmqq kaCCjw"
>
  9
</div>
`;
